[external.html]
[backblue.gif]
[fade.gif]
[index.html]
[web/images/sites-16.ico]
[web/images/spy.1c6fb5.delayed]
[web/images/apple-touch-icon.png]
[web/images/cleardot.gif]
[web/images/trog_edit__en.js]
[web/images/spyc491.png]
[web/images/shhh.1f6fb5.delayed]
[web/images/shhh5d19.jpg]
[web/images/tz.24.delayed]
[web/index.html]
[web/images/codemirror_css.css]
[web/hidden.html]
[web/images/trogedit.css]
[web/images/spy.png]
[web/images/shhhca9d.jpg]
[web/index-2.html]
[web/images/icon_plusone.28.delayed]
[web/images/bubble2_tr.gif]
[web/images/jot_min_view__en.js]
[web/images/universallogin.29c521.delayed]
[web/images/toolbar-check.gif]
[web/images/plusbadge.38.delayed]
[web/images/icon-help-kennedy.png]
[web/images/universallogin.39263a.delayed]
[web/images/editor.css]
[web/images/codeeditor.css]
[web/images/standard-css-terrarock-ltr-ltr.css]
[web/images/overlay892c.css]
[web/images/checkmark-partial.png]
[web/images/gplus-64.png]
[web/images/gplus-32.png]
[web/images/gplus-16.png]
[web/images/allthemes-view.css]
[web/home.html]
[web/intelligence-sources-references.html]
[web/images/training2.406fb5.delayed]
[web/images/camelot.png]
[web/images/training28965.jpg]
[web/bodyguard.html]
[web/images/training234a3.jpg]
[web/images/harry.436fb5.delayed]
[web/images/harry0e9f.jpg]
[web/harry-potter.html]
[web/legend.html]
[web/images/future3204.jpg]
[web/images/harryf0aa.jpg]
[web/images/vey photo.476fb5.delayed]
[web/images/vey photo1cb3.jpg]
[web/michael-vey.html]
[web/allen-zadoff-unknown-asassins-series.html]
[web/images/vey photo5ca5.jpg]
[web/images/spy 157b1.png]
[web/images/george.4b6fb5.delayed]
[web/images/george54cc.jpg]
[web/george-washington-spymaster-how-the-americans-outspied-the-british-and-won-the-revolutionary-war.html]
[web/harriet-tubman-secret-agent-how-daring-slaves-and-free-blacks-spied-for-the-union-during-the-civil-war.html]
[web/images/george967d.jpg]
[web/images/harriet2881.png]
[web/images/harry spy.4f6fb5.delayed]
[web/images/harry spye430.jpg]
[web/harry-potter-and-the-art-of-spying.html]
[web/images/harry spy7f05.jpg]
[web/images/computer.526fb5.delayed]
[web/images/computeraa06.jpg]
[web/cipher.html]
[web/going-over.html]
[web/images/computere27f.jpg]
[web/images/go pic7d0e.jpg]
[web/images/boy watching.566fb5.delayed]
[web/images/boy watching3442.jpg]
[web/liar-spy.html]
[web/images/boy watchingbdde.jpg]
[web/images/sw propaganda.596fb5.delayed]
[web/images/sw propaganda8e99.jpg]
[web/star-wars-propaganda-a-history-of-persuasive-art-in-the-galaxy.html]
[web/images/sw propaganda4c6b.jpg]
[web/images/regional.5c6fb5.delayed]
[web/images/regionald117.jpg]
[web/the-regional-office-is-under-attack.html]
[web/images/regional6b2a.jpg]
[web/images/hat.5f6fb5.delayed]
[web/images/hat669e.png]
[web/the-year-of-the-hangman.html]
[web/images/spinner.gif]
[web/images/hat.png]
[web/images/revisions.636402.delayed]
[web/images/spotlight.649a1b.delayed]
[web/hidden.html]
[web/hierarchy.html]
[web/reportabuse.html]
[web/images/jot_min__en.js]
[web/index-2.html]
[web/system.html]
[web/app.html]
[web/pages.html]
[web/sitemap.html]
[web/images/dashboard.css]
[web/images/error.css]
[web/images/spinner-2.gif]
[web/images/atari_24dp.png]
[web/images/sites_24dp.png]
