[web/index.html]
[external.html]
[backblue.gif]
[fade.gif]
[index.html]
[web/images/sites-16.ico]
[web/cipher.html]
[web/images/apple-touch-icon.png]
[web/images/cleardot.gif]
[web/going-over.html]
[web/harry-potter.html]
[web/harry-potter-and-the-art-of-spying.html]
[web/home.html]
[web/intelligence-sources-references.html]
[web/the-year-of-the-hangman.html]
[web/images/tz.1e.delayed]
[web/george-washington-spymaster-how-the-americans-outspied-the-british-and-won-the-revolutionary-war.html]
[web/bodyguard.html]
[web/hidden.html]
[web/index.html]
[web/images/codemirror_css.css]
[web/legend.html]
[web/harriet-tubman-secret-agent-how-daring-slaves-and-free-blacks-spied-for-the-union-during-the-civil-war.html]
[web/michael-vey.html]
[web/liar-spy.html]
[web/images/trogedit.css]
[web/the-regional-office-is-under-attack.html]
[web/star-wars-propaganda-a-history-of-persuasive-art-in-the-galaxy.html]
[web/index-2.html]
[web/hierarchy.html]
[web/allen-zadoff-unknown-asassins-series.html]
[web/images/bubble2_tr.gif]
[web/reportabuse.html]
[web/images/icon_plusone.22.delayed]
[web/images/universallogin.23c521.delayed]
[web/images/toolbar-check.gif]
[web/images/icon-help-kennedy.png]
[web/images/plusbadge.32.delayed]
[web/images/universallogin.33263a.delayed]
[web/images/editor.css]
[web/images/codeeditor.css]
[web/images/standard-css-terrarock-ltr-ltr.css]
[web/images/checkmark-partial.png]
[web/images/overlay892c.css]
[web/images/gplus-64.png]
[web/images/gplus-32.png]
[web/images/gplus-16.png]
[web/images/allthemes-view.css]
[web/home.html]
[web/intelligence-sources-references.html]
[web/images/camelot.png]
[web/images/spinner.gif]
[web/images/revisions.3b6402.delayed]
[web/images/spotlight.3c9a1b.delayed]
[web/hidden.html]
[web/images/training.3d6fb5.delayed]
[web/images/training2cb1.jpg]
[web/images/trainingf17c.jpg]
[web/bodyguard.html]
[web/images/computer.406fb5.delayed]
[web/images/computer8b96.jpg]
[web/images/computere27f.jpg]
[web/cipher.html]
[web/images/george.436fb5.delayed]
[web/images/georgedaba.jpg]
[web/images/george967d.jpg]
[web/george-washington-spymaster-how-the-americans-outspied-the-british-and-won-the-revolutionary-war.html]
[web/images/go pic7d0e.jpg]
[web/going-over.html]
[web/images/harriet.476fb5.delayed]
[web/images/harriet65ee.png]
[web/images/harriet2881.png]
[web/harriet-tubman-secret-agent-how-daring-slaves-and-free-blacks-spied-for-the-union-during-the-civil-war.html]
[web/harry-potter.html]
[web/harry-potter-and-the-art-of-spying.html]
[web/images/future3204.jpg]
[web/legend.html]
[web/images/boy watching.4b6fb5.delayed]
[web/images/boy watching7677.jpg]
[web/images/boy watchingbdde.jpg]
[web/liar-spy.html]
[web/images/vey photo.4e6fb5.delayed]
[web/images/vey photo74e4.jpg]
[web/images/vey photo5ca5.jpg]
[web/michael-vey.html]
[web/images/sw propaganda.516fb5.delayed]
[web/images/sw propagandac551.jpg]
[web/images/sw propaganda4c6b.jpg]
[web/star-wars-propaganda-a-history-of-persuasive-art-in-the-galaxy.html]
[web/images/regional.546fb5.delayed]
[web/images/regional3b06.jpg]
[web/images/regional6b2a.jpg]
[web/the-regional-office-is-under-attack.html]
[web/the-year-of-the-hangman.html]
[web/allen-zadoff-unknown-asassins-series.html]
[web/hierarchy.html]
[web/reportabuse.html]
[web/images/spy 157b1.png]
[web/index-2.html]
[web/app.html]
[web/system.html]
[web/pages.html]
[web/sitemap.html]
[web/system.html]
[web/app.html]
[web/pages.html]
[web/sitemap.html]
[web/images/dashboard.css]
[web/images/spinner-2.gif]
[web/images/error.css]
[web/images/atari_24dp.png]
[web/images/sites_24dp.png]
